
C:\Users\Nate>cd Documents/GitWorkspace

C:\Users\Nate\Documents\GitWorkspace>mkdir SI_2023_lab1_116009

C:\Users\Nate\Documents\GitWorkspace>cd SI_2023_lab1_116009

C:\Users\Nate\Documents\GitWorkspace\SI_2023_lab1_116009>git init
Initialized empty Git repository in C:/Users/Nate/Documents/GitWorkspace/SI_2023_lab1_116009/.git/

C:\Users\Nate\Documents\GitWorkspace\SI_2023_lab1_116009>git status
On branch master

No commits yet

nothing to commit (create/copy files and use "git add" to track)

C:\Users\Nate\Documents\GitWorkspace\SI_2023_lab1_116009>git remote add origin https://github.com/NatashaIlioska/SI_2023_lab1_116009.git

C:\Users\Nate\Documents\GitWorkspace\SI_2023_lab1_116009>git remote -v
origin  https://github.com/NatashaIlioska/SI_2023_lab1_116009.git (fetch)
origin  https://github.com/NatashaIlioska/SI_2023_lab1_116009.git (push)

C:\Users\Nate\Documents\GitWorkspace\SI_2023_lab1_116009>echo > README.md

C:\Users\Nate\Documents\GitWorkspace\SI_2023_lab1_116009>git add README.md

C:\Users\Nate\Documents\GitWorkspace\SI_2023_lab1_116009>git commit -m "Initial commit"
[master (root-commit) 84697d7] Initial commit
 1 file changed, 2 insertions(+)
 create mode 100644 README.md
 
C:\Users\Nate\Documents\GitWorkspace\SI_2023_lab1_116009>echo > SILab1.java

C:\Users\Nate\Documents\GitWorkspace\SI_2023_lab1_116009>git add SILab1.java

C:\Users\Nate\Documents\GitWorkspace\SI_2023_lab1_116009>git commit -m "а Add java class"
[master 9601b5f] а Add java class
 1 file changed, 41 insertions(+)
 create mode 100644 SILab1.java
 
 C:\Users\Nate\Documents\GitWorkspace\SI_2023_lab1_116009>git push origin master
remote: Invalid username or password.
fatal: Authentication failed for 'https://github.com/NatashaIlioska/SI_2023_lab1_116009.git/'

C:\Users\Nate\Documents\GitWorkspace\SI_2023_lab1_116009>git config --global user.name "NatashaIlioska"

C:\Users\Nate\Documents\GitWorkspace\SI_2023_lab1_116009>git config --global user.email ilioska.natasha@students.finki.ukim.mk

C:\Users\Nate\Documents\GitWorkspace\SI_2023_lab1_116009>git push origin master
info: please complete authentication in your browser...
Enumerating objects: 6, done.
Counting objects: 100% (6/6), done.
Delta compression using up to 8 threads
Compressing objects: 100% (4/4), done.
Writing objects: 100% (6/6), 843 bytes | 421.00 KiB/s, done.
Total 6 (delta 1), reused 0 (delta 0), pack-reused 0
remote: Resolving deltas: 100% (1/1), done.
To https://github.com/NatashaIlioska/SI_2023_lab1_116009.git
 * [new branch]      master -> master
 
 C:\Users\Nate\Documents\GitWorkspace\SI_2023_lab1_116009>git branch bug1

C:\Users\Nate\Documents\GitWorkspace\SI_2023_lab1_116009>git branch bug2

C:\Users\Nate\Documents\GitWorkspace\SI_2023_lab1_116009>git branch bug3

C:\Users\Nate\Documents\GitWorkspace\SI_2023_lab1_116009>git checkout bug1
Switched to branch 'bug1'

C:\Users\Nate\Documents\GitWorkspace\SI_2023_lab1_116009>git add SILab1.java

C:\Users\Nate\Documents\GitWorkspace\SI_2023_lab1_116009>git commit -m "Fix wrong loop for reading"
[bug1 e11f8ba] Fix wrong loop for reading
 1 file changed, 1 insertion(+), 1 deletion(-)
 
C:\Users\Nate\Documents\GitWorkspace\SI_2023_lab1_116009>git checkout bug2
Switched to branch 'bug2'

C:\Users\Nate\Documents\GitWorkspace\SI_2023_lab1_116009>git add SILab1.java

C:\Users\Nate\Documents\GitWorkspace\SI_2023_lab1_116009>git commit -m "а Fix wrong condition in filterOddNumbers"
[bug2 bfd53b8] а Fix wrong condition in filterOddNumbers
 1 file changed, 1 insertion(+), 1 deletion(-)
 
C:\Users\Nate\Documents\GitWorkspace\SI_2023_lab1_116009>git checkout bug3
Switched to branch 'bug3'

C:\Users\Nate\Documents\GitWorkspace\SI_2023_lab1_116009>git add SILab1.java

C:\Users\Nate\Documents\GitWorkspace\SI_2023_lab1_116009>git commit -m "Fix method sumEvenNumbers"
[bug3 2743420] Fix method sumEvenNumbers
 1 file changed, 1 insertion(+), 1 deletion(-)
 
C:\Users\Nate\Documents\GitWorkspace\SI_2023_lab1_116009>git push origin bug1
Enumerating objects: 5, done.
Counting objects: 100% (5/5), done.
Delta compression using up to 8 threads
Compressing objects: 100% (3/3), done.
Writing objects: 100% (3/3), 340 bytes | 340.00 KiB/s, done.
Total 3 (delta 1), reused 0 (delta 0), pack-reused 0
remote: Resolving deltas: 100% (1/1), completed with 1 local object.
remote:
remote: Create a pull request for 'bug1' on GitHub by visiting:
remote:      https://github.com/NatashaIlioska/SI_2023_lab1_116009/pull/new/bug1
remote:
To https://github.com/NatashaIlioska/SI_2023_lab1_116009.git
 * [new branch]      bug1 -> bug1

C:\Users\Nate\Documents\GitWorkspace\SI_2023_lab1_116009>git push origin bug2
Enumerating objects: 5, done.
Counting objects: 100% (5/5), done.
Delta compression using up to 8 threads
Compressing objects: 100% (3/3), done.
Writing objects: 100% (3/3), 362 bytes | 362.00 KiB/s, done.
Total 3 (delta 1), reused 0 (delta 0), pack-reused 0
remote: Resolving deltas: 100% (1/1), completed with 1 local object.
remote:
remote: Create a pull request for 'bug2' on GitHub by visiting:
remote:      https://github.com/NatashaIlioska/SI_2023_lab1_116009/pull/new/bug2
remote:
To https://github.com/NatashaIlioska/SI_2023_lab1_116009.git
 * [new branch]      bug2 -> bug2

C:\Users\Nate\Documents\GitWorkspace\SI_2023_lab1_116009>git push origin bug3
Enumerating objects: 5, done.
Counting objects: 100% (5/5), done.
Delta compression using up to 8 threads
Compressing objects: 100% (3/3), done.
Writing objects: 100% (3/3), 340 bytes | 340.00 KiB/s, done.
Total 3 (delta 1), reused 0 (delta 0), pack-reused 0
remote: Resolving deltas: 100% (1/1), completed with 1 local object.
remote:
remote: Create a pull request for 'bug3' on GitHub by visiting:
remote:      https://github.com/NatashaIlioska/SI_2023_lab1_116009/pull/new/bug3
remote:
To https://github.com/NatashaIlioska/SI_2023_lab1_116009.git
 * [new branch]      bug3 -> bug3
 
C:\Users\Nate\Documents\GitWorkspace\SI_2023_lab1_116009>git checkout master
Switched to branch 'master'

C:\Users\Nate\Documents\GitWorkspace\SI_2023_lab1_116009>git merge bug1
Updating 9601b5f..e11f8ba
Fast-forward
 SILab1.java | 2 +-
 1 file changed, 1 insertion(+), 1 deletion(-)
 
C:\Users\Nate\Documents\GitWorkspace\SI_2023_lab1_116009>git push origin master
Total 0 (delta 0), reused 0 (delta 0), pack-reused 0
To https://github.com/NatashaIlioska/SI_2023_lab1_116009.git
   9601b5f..e11f8ba  master -> master
   
 C:\Users\Nate\Documents\GitWorkspace\SI_2023_lab1_116009>git merge bug2
Auto-merging SILab1.java
Merge made by the 'recursive' strategy.
 SILab1.java | 2 +-
 1 file changed, 1 insertion(+), 1 deletion(-)
 
C:\Users\Nate\Documents\GitWorkspace\SI_2023_lab1_116009>git push origin master
Enumerating objects: 7, done.
Counting objects: 100% (7/7), done.
Delta compression using up to 8 threads
Compressing objects: 100% (3/3), done.
Writing objects: 100% (3/3), 369 bytes | 369.00 KiB/s, done.
Total 3 (delta 1), reused 0 (delta 0), pack-reused 0
remote: Resolving deltas: 100% (1/1), completed with 1 local object.
To https://github.com/NatashaIlioska/SI_2023_lab1_116009.git
   e11f8ba..37bc2b7  master -> master
   
C:\Users\Nate\Documents\GitWorkspace\SI_2023_lab1_116009>git checkout bug3
Switched to branch 'bug3'

C:\Users\Nate\Documents\GitWorkspace\SI_2023_lab1_116009>git rebase master
Successfully rebased and updated refs/heads/bug3.

C:\Users\Nate\Documents\GitWorkspace\SI_2023_lab1_116009>git checkout master
Switched to branch 'master'

C:\Users\Nate\Documents\GitWorkspace\SI_2023_lab1_116009>git merge bug3
Updating 37bc2b7..ca1bd28
Fast-forward
 SILab1.java | 2 +-
 1 file changed, 1 insertion(+), 1 deletion(-)
 
C:\Users\Nate\Documents\GitWorkspace\SI_2023_lab1_116009>git push origin master
Enumerating objects: 5, done.
Counting objects: 100% (5/5), done.
Delta compression using up to 8 threads
Compressing objects: 100% (3/3), done.
Writing objects: 100% (3/3), 347 bytes | 347.00 KiB/s, done.
Total 3 (delta 1), reused 0 (delta 0), pack-reused 0
remote: Resolving deltas: 100% (1/1), completed with 1 local object.
To https://github.com/NatashaIlioska/SI_2023_lab1_116009.git
   37bc2b7..ca1bd28  master -> master
   
C:\Users\Nate\Documents\GitWorkspace\SI_2023_lab1_116009>echo > logs.txt

C:\Users\Nate\Documents\GitWorkspace\SI_2023_lab1_116009>echo > 116009.txt



   






